// Jest Snapshot v1, https://goo.gl/fbAQLP

exports[`basic demo.md 1`] = `
<social-share />
<social-share :networks="['facebook', 'qq', 'twitter', 'line', 'reddit']" is-plain />
<social-share :networks="['twitter', 'facebook']" :tags="['SocialShare', 'VuePress']" />
<social-share :networks="['twitter', 'facebook']" />
<social-share :networks="['facebook', 'twitter']" />
<social-share :networks="['facebook', 'qq', 'twitter', 'line', 'reddit', 'skype', 'douban', 'whatsapp', 'telegram', 'weibo']" />
<social-share :networks="['email', 'pinterest', 'linkedin']" />
`;

exports[`default demo.md 1`] = `
<social-share />
<social-share :networks="['facebook', 'qq', 'twitter', 'line', 'reddit']" is-plain />
<social-share :networks="['twitter', 'facebook']" :tags="['SocialShare', 'VuePress']" />
<social-share :networks="['twitter', 'facebook']" />
<social-share :networks="['facebook', 'twitter']" />
<social-share :networks="['facebook', 'qq', 'twitter', 'line', 'reddit', 'skype', 'douban', 'whatsapp', 'telegram', 'weibo']" />
<social-share :networks="['email', 'pinterest', 'linkedin']" />
`;

exports[`no-global demo.md 1`] = `
<social-share />
<social-share :networks="['facebook', 'qq', 'twitter', 'line', 'reddit']" is-plain />
<social-share :networks="['twitter', 'facebook']" :tags="['SocialShare', 'VuePress']" />
<social-share :networks="['twitter', 'facebook']" />
<social-share :networks="['facebook', 'twitter']" />
<social-share :networks="['facebook', 'qq', 'twitter', 'line', 'reddit', 'skype', 'douban', 'whatsapp', 'telegram', 'weibo']" />
<social-share :networks="['email', 'pinterest', 'linkedin']" />
`;
